[   ..000000 Initializing cgroup subsys cpuset
[    0.000000] Initializing cgroup subsys cpu
[    0.000000] Initializing cgroup subsys cpuacct
[    0.000000] Linux version 4.4.0-128-generic (buildd@lcy01-amd64-019) (gcc version 5.4.0 20160609 (Ubuntu 5.4.0-6ubuntu1~16.04.9) ) #154-Ubuntu SMP Fri May 25 14:15:18 UTC 2018 (Ubuntu 4.4.0-128.154-generic 4.4.131)
[    0.000000] Command line: BOOT_IMAGE=/boot/vmlinuz-4.4.0-128-generic root=LABEL=cloudimg-rootfs ro console=tty1 console=ttyS0
[    0.000000] KERNEL supported cpus:
[    0.000000]   Intel GenuineIntel
[    0.000000]   AMD AuthenticAMD
[    0.000000]   Centaur CentaurHauls
[    0.000000] x86/fpu: xstate_offset[2]:  576, xstate_sizes[2]:  256
[    0.000000] x86/fpu: Supporting XSAVE feature 0x01: 'x87 floating point registers'
[    0.000000] x86/fpu: Supporting XSAVE feature 0x02: 'SSE registers'
[    0.000000] x86/fpu: Supporting XSAVE feature 0x04: 'AVX registers'
[    0.000000] x86/fpu: Enabled xstate features 0x7, context size is 832 bytes, using 'standard' format.
[    0.000000] x86/fpu: Using 'lazy' FPU context switches.
[    0.000000] e820: BIOS-provided physical RAM map:
[    0.000000] BIOS-e820: [mem 0x0000000000000000-0x000000000009fbff] usable
[    0.000000] BIOS-e820: [mem 0x000000000009fc00-0x000000000009ffff] reserved
[    0.000000] BIOS-e820: [mem 0x00000000000f0000-0x00000000000fffff] reserved
[    0.000000] BIOS-e820: [mem 0x0000000000100000-0x000000003ffeffff] usable
[    0.000000] BIOS-e820: [mem 0x000000003fff0000-0x000000003fffffff] ACPI data
[    0.000000] BIOS-e820: [mem 0x00000000fec00000-0x00000000fec00fff] reserved
[    0.000000] BIOS-e820: [mem 0x00000000fee00000-0x00000000fee00fff] reserved
[    0.000000] BIOS-e820: [mem 0x00000000fffc0000-0x00000000ffffffff] reserved
[    0.000000] NX (Execute Disable) protection: active
[    0.000000] SMBIOS 2.5 present.
[    0.000000] Hypervisor detected: KVM
[    0.000000] e820: last_pfn = 0x3fff0 max_arch_pfn = 0x400000000
[    0.000000] MTRR: Disabled
[    0.000000] x86/PAT: MTRRs disabled, skipping PAT initialization too.
[    0.000000] CPU MTRRs all blank - virtualized system.
[    0.000000] x86/PAT: Configuration [0-7]: WB  WT  UC- UC  WB  WT  UC- UC  
[    0.000000] found SMP MP-table at [mem 0x0009fff0-0x0009ffff] mapped at [ffff88000009fff0]
[    0.000000] Scanning 1 areas for low memory corruption
[    0.000000] RAMDISK: [mem 0x36aa4000-0x37549fff]
[    0.000000] ACPI: Early table checksum verification disabled
[    0.000000] ACPI: RSDP 0x00000000000E0000 000024 (v02 VBOX  )
[    0.000000] ACPI: XSDT 0x000000003FFF0030 00003C (v01 VBOX   VBOXXSDT 00000001 ASL  00000061)
[    0.000000] ACPI: FACP 0x000000003FFF00F0 0000F4 (v04 VBOX   VBOXFACP 00000001 ASL  00000061)
[    0.000000] ACPI: DSDT 0x000000003FFF0470 0021FF (v02 VBOX   VBOXBIOS 00000002 INTL 20160108)
[    0.000000] ACPI: FACS 0x000000003FFF0200 000040
[    0.000000] ACPI: FACS 0x000000003FFF0200 000040
[    0.000000] ACPI: APIC 0x000000003FFF0240 000054 (v02 VBOX   VBOXAPIC 00000001 ASL  00000061)
[    0.000000] ACPI: SSDT 0x000000003FFF02A0 0001CC (v01 VBOX   VBOXCPUT 00000002 INTL 20160108)
[    0.000000] No NUMA configuration found
[    0.000000] Faking a node at [mem 0x0000000000000000-0x000000003ffeffff]
[    0.000000] NODE_DATA(0) allocated [mem 0x3ffeb000-0x3ffeffff]
[    0.000000] kvm-clock: Using msrs 4b564d01 and 4b564d00
[    0.000000] kvm-clock: cpu 0, msr 0:3ffe3001, primary cpu clock
[    0.000000] kvm-clock: using sched offset of 3004305602 cycles
[    0.000000] clocksource: kvm-clock: mask: 0xffffffffffffffff max_cycles: 0x1cd42e4dffb, max_idle_ns: 881590591483 ns
[    0.000000] Zone ranges:
[    0.000000]   DMA      [mem 0x0000000000001000-0x0000000000ffffff]
[    0.000000]   DMA32    [mem 0x0000000001000000-0x000000003ffeffff]
[    0.000000]   Normal   empty
[    0.000000]   Device   empty
[    0.000000] Movable zone start for each node
[    0.000000] Early memory node ranges
[    0.000000]   node   0: [mem 0x0000000000001000-0x000000000009efff]
[    0.000000]   node   0: [mem 0x0000000000100000-0x000000003ffeffff]
[    0.000000] Initmem setup node 0 [mem 0x0000000000001000-0x000000003ffeffff]
[    0.000000] ACPI: PM-Timer IO Port: 0x4008
[    0.000000] IOAPIC[0]: apic_id 1, version 32, address 0xfec00000, GSI 0-23
[    0.000000] ACPI: INT_SRC_OVR (bus 0 bus_irq 0 global_irq 2 dfl dfl)
[    0.000000] ACPI: INT_SRC_OVR (bus 0 bus_irq 9 global_irq 9 low level)
[    0.000000] Using ACPI (MADT) for SMP configuration information
[    0.000000] smpboot: Allowing 1 CPUs, 0 hotplug CPUs
[    0.000000] PM: Registered nosave memory: [mem 0x00000000-0x00000fff]
[    0.000000] PM: Registered nosave memory: [mem 0x0009f000-0x0009ffff]
[    0.000000] PM: Registered nosave memory: [mem 0x000a0000-0x000effff]
[    0.000000] PM: Registered nosave memory: [mem 0x000f0000-0x000fffff]
[    0.000000] e820: [mem 0x40000000-0xfebfffff] available for PCI devices
[    0.000000] Booting paravirtualized kernel on KVM
[    0.000000] clocksource: refined-jiffies: mask: 0xffffffff max_cycles: 0xffffffff, max_idle_ns: 7645519600211568 ns
[    0.000000] setup_percpu: NR_CPUS:512 nr_cpumask_bits:512 nr_cpu_ids:1 nr_node_ids:1
[    0.000000] PERCPU: Embedded 34 pages/cpu @ffff88003fc00000 s99544 r8192 d31528 u2097152
[    0.000000] PV qspinlock hash table entries: 256 (order: 0, 4096 bytes)
[    0.000000] Built 1 zonelists in Node order, mobility grouping on.  Total pages: 257912
[    0.000000] Policy zone: DMA32
[    0.000000] Kernel command line: BOOT_IMAGE=/boot/vmlinuz-4.4.0-128-generic root=LABEL=cloudimg-rootfs ro console=tty1 console=ttyS0
[    0.000000] PID hash table entries: 4096 (order: 3, 32768 bytes)
[    0.000000] Memory: 1001752K/1048120K available (8541K kernel code, 1313K rwdata, 4000K rodata, 1512K init, 1316K bss, 46368K reserved, 0K cma-reserved)
[    0.000000] SLUB: HWalign=64, Order=0-3, MinObjects=0, CPUs=1, Nodes=1
[    0.000000] Kernel/User page tables isolation: enabled
[    0.000000] Hierarchical RCU implementation.
[    0.000000] 	Build-time adjustment of leaf fanout to 64.
[    0.000000] 	RCU restricting CPUs from NR_CPUS=512 to nr_cpu_ids=1.
[    0.000000] RCU: Adjusting geometry for rcu_fanout_leaf=64, nr_cpu_ids=1
[    0.000000] NR_IRQS:33024 nr_irqs:256 16
[    0.000000] Console: colour VGA+ 80x25
[    0.000000] console [tty1] enabled
[    0.000000] console [ttyS0] enabled
[    0.000000] tsc: Detected 3392.292 MHz processor
[    0.266273] Calibrating delay loop (skipped) preset value.. 6784.58 BogoMIPS (lpj=13569168)
[    0.267541] pid_max: default: 32768 minimum: 301
[    0.268207] ACPI: Core revision 20150930
[    0.269576] ACPI: 2 ACPI AML tables successfully acquired and loaded
[    0.270566] Security Framework initialized
[    0.271196] Yama: becoming mindful.
[    0.271754] AppArmor: AppArmor initialized
[    0.272450] Dentry cache hash table entries: 131072 (order: 8, 1048576 bytes)
[    0.274107] Inode-cache hash table entries: 65536 (order: 7, 524288 bytes)
[    0.275673] Mount-cache hash table entries: 2048 (order: 2, 16384 bytes)
[    0.277091] Mountpoint-cache hash table entries: 2048 (order: 2, 16384 bytes)
[    0.278641] Initializing cgroup subsys io
[    0.279361] Initializing cgroup subsys memory
[    0.280043] Initializing cgroup subsys devices
[    0.281553] Initializing cgroup subsys freezer
[    0.282995] Initializing cgroup subsys net_cls
[    0.284515] Initializing cgroup subsys perf_event
[    0.285323] Initializing cgroup subsys net_prio
[    0.286023] Initializing cgroup subsys hugetlb
[    0.286689] Initializing cgroup subsys pids
[    0.287377] CPU: Physical Processor ID: 0
[    0.288269] mce: CPU supports 0 MCE banks
[    0.288907] process: using mwait in idle threads
[    0.289587] Last level iTLB entries: 4KB 512, 2MB 8, 4MB 8
[    0.290419] Last level dTLB entries: 4KB 512, 2MB 32, 4MB 32, 1GB 0
[    0.291267] Spectre V2 : Mitigation: Full generic retpoline
[    0.292119] Spectre V2 : Speculation control IBPB not-supported IBRS not-supported
[    0.293141] Speculative Store Bypass: Vulnerable
[    0.317759] Freeing SMP alternatives memory: 32K
[    0.328688] ftrace: allocating 32236 entries in 126 pages
[    0.380393] smpboot: APIC(0) Converting physical 0 to logical package 0
[    0.656747] smpboot: Max logical packages: 1
[    0.657652] x2apic enabled
[    0.658335] Switched APIC routing to physical x2apic.
[    0.660058] ..TIMER: vector=0x30 apic1=0 pin1=2 apic2=-1 pin2=-1
[    0.766153] smpboot: CPU0: Intel(R) Core(TM) i7-3770 CPU @ 3.40GHz (family: 0x6, model: 0x3a, stepping: 0x9)
[    0.808901] Performance Events: unsupported p6 CPU model 58 no PMU driver, software events only.
[    0.810240] KVM setup paravirtual spinlock
[    0.811463] x86: Booted up 1 node, 1 CPUs
[    0.812100] smpboot: Total of 1 processors activated (6784.58 BogoMIPS)
[    0.848604] devtmpfs: initialized
[    0.850550] evm: security.selinux
[    0.851113] evm: security.SMACK64
[    0.851654] evm: security.SMACK64EXEC
[    0.852234] evm: security.SMACK64TRANSMUTE
[    0.852870] evm: security.SMACK64MMAP
[    0.853448] evm: security.ima
[    0.853952] evm: security.capability
[    0.854669] clocksource: jiffies: mask: 0xffffffff max_cycles: 0xffffffff, max_idle_ns: 7645041785100000 ns
[    0.856043] futex hash table entries: 256 (order: 2, 16384 bytes)
[    0.856971] pinctrl core: initialized pinctrl subsystem
[    0.857815] RTC time: 19:50:21, date: 11/08/18
[    0.858607] NET: Registered protocol family 16
[    0.859412] cpuidle: using governor ladder
[    0.860062] cpuidle: using governor menu
[    0.860684] PCCT header not found.
[    0.861283] ACPI: bus type PCI registered
[    0.861991] acpiphp: ACPI Hot Plug PCI Controller Driver version: 0.5
[    0.862972] PCI: Using configuration type 1 for base access
[    0.864775] ACPI: Added _OSI(Module Device)
[    0.865428] ACPI: Added _OSI(Processor Device)
[    0.866083] ACPI: Added _OSI(3.0 _SCP Extensions)
[    0.866783] ACPI: Added _OSI(Processor Aggregator Device)
[    0.868031] ACPI: Executed 1 blocks of module-level executable AML code
[    0.870640] ACPI: Interpreter enabled
[    0.871249] ACPI: (supports S0 S5)
[    0.871794] ACPI: Using IOAPIC for interrupt routing
[    0.872650] PCI: Using host bridge windows from ACPI; if necessary, use "pci=nocrs" and report a bug
[    0.876761] ACPI: PCI Root Bridge [PCI0] (domain 0000 [bus 00-ff])
[    0.877622] acpi PNP0A03:00: _OSC: OS supports [ASPM ClockPM Segments MSI]
[    0.878568] acpi PNP0A03:00: _OSC: not requesting OS control; OS requires [ExtendedConfig ASPM ClockPM MSI]
[    0.879956] acpi PNP0A03:00: fail to add MMCONFIG information, can't access extended PCI configuration space under this bridge.
[    0.881719] PCI host bridge to bus 0000:00
[    0.882343] pci_bus 0000:00: root bus resource [io  0x0000-0x0cf7 window]
[    0.883269] pci_bus 0000:00: root bus resource [io  0x0d00-0xffff window]
[    0.884170] pci_bus 0000:00: root bus resource [mem 0x000a0000-0x000bffff window]
[    0.885294] pci_bus 0000:00: root bus resource [mem 0x40000000-0xfdffffff window]
[    0.886433] pci_bus 0000:00: root bus resource [bus 00-ff]
[    0.888518] pci 0000:00:01.1: legacy IDE quirk: reg 0x10: [io  0x01f0-0x01f7]
[    0.889487] pci 0000:00:01.1: legacy IDE quirk: reg 0x14: [io  0x03f6]
[    0.890382] pci 0000:00:01.1: legacy IDE quirk: reg 0x18: [io  0x0170-0x0177]
[    0.891317] pci 0000:00:01.1: legacy IDE quirk: reg 0x1c: [io  0x0376]
[    0.903767] pci 0000:00:07.0: quirk: [io  0x4000-0x403f] claimed by PIIX4 ACPI
[    0.915969] pci 0000:00:07.0: quirk: [io  0x4100-0x410f] claimed by PIIX4 SMB
[    0.967156] ACPI: PCI Interrupt Link [LNKA] (IRQs 5 9 10 *11)
[    1.006811] ACPI: PCI Interrupt Link [LNKB] (IRQs 5 9 *10 11)
[    1.048719] ACPI: PCI Interrupt Link [LNKC] (IRQs 5 *9 10 11)
[    1.168025] ACPI: PCI Interrupt Link [LNKD] (IRQs 5 9 10 *11)
[    1.357899] ACPI: Enabled 2 GPEs in block 00 to 07
[    1.368606] vgaarb: setting as boot device: PCI:0000:00:02.0
[    1.371162] vgaarb: device added: PCI:0000:00:02.0,decodes=io+mem,owns=io+mem,locks=none
[    1.372403] vgaarb: loaded
[    1.372915] vgaarb: bridge control possible 0000:00:02.0
[    1.373918] SCSI subsystem initialized
[    1.374655] ACPI: bus type USB registered
[    1.375384] usbcore: registered new interface driver usbfs
[    1.376460] usbcore: registered new interface driver hub
[    1.377578] usbcore: registered new device driver usb
[    1.378821] PCI: Using ACPI for IRQ routing
[    1.379772] NetLabel: Initializing
[    1.380444] NetLabel:  domain hash size = 128
[    1.381348] NetLabel:  protocols = UNLABELED CIPSOv4
[    1.382328] NetLabel:  unlabeled traffic allowed by default
[    1.383511] amd_nb: Cannot enumerate AMD northbridges
[    1.384531] clocksource: Switched to clocksource kvm-clock
[    1.391747] AppArmor: AppArmor Filesystem Enabled
[    1.392552] pnp: PnP ACPI init
[    1.393892] pnp: PnP ACPI: found 3 devices
[    1.403245] clocksource: acpi_pm: mask: 0xffffff max_cycles: 0xffffff, max_idle_ns: 2085701024 ns
[    1.404607] NET: Registered protocol family 2
[    1.405393] TCP established hash table entries: 8192 (order: 4, 65536 bytes)
[    1.406337] TCP bind hash table entries: 8192 (order: 5, 131072 bytes)
[    1.407223] TCP: Hash tables configured (established 8192 bind 8192)
[    1.408108] UDP hash table entries: 512 (order: 2, 16384 bytes)
[    1.428238] UDP-Lite hash table entries: 512 (order: 2, 16384 bytes)
[    1.429172] NET: Registered protocol family 1
[    1.429827] pci 0000:00:00.0: Limiting direct PCI/PCI transfers
[    1.430631] pci 0000:00:01.0: Activating ISA DMA hang workarounds
[    1.431549] Unpacking initramfs...
[    2.745733] Freeing initrd memory: 10904K
[    2.788335] RAPL PMU detected, API unit is 2^-32 Joules, 3 fixed counters 10737418240 ms ovfl timer
[    2.789641] hw unit of domain pp0-core 2^-0 Joules
[    2.790316] hw unit of domain package 2^-0 Joules
[    2.790980] hw unit of domain pp1-gpu 2^-0 Joules
[    2.791710] platform rtc_cmos: registered platform RTC device (no PNP device found)
[    2.792902] Scanning for low memory corruption every 60 seconds
[    2.793940] audit: initializing netlink subsys (disabled)
[    2.794697] audit: type=2000 audit(1541706627.052:1): initialized
[    2.795717] Initialise system trusted keyring
[    2.796449] HugeTLB registered 2 MB page size, pre-allocated 0 pages
[    2.798439] zbud: loaded
[    2.799187] VFS: Disk quotas dquot_6.6.0
[    2.799822] VFS: Dquot-cache hash table entries: 512 (order 0, 4096 bytes)
[    2.800953] squashfs: version 4.0 (2009/01/31) Phillip Lougher
[    2.801943] fuse init (API version 7.23)
[    2.802761] Key type big_key registered
[    2.803561] Allocating IMA MOK and blacklist keyrings.
[    2.804771] Key type asymmetric registered
[    2.805615] Asymmetric key parser 'x509' registered
[    2.806584] Block layer SCSI generic (bsg) driver version 0.4 loaded (major 249)
[    2.808133] io scheduler noop registered
[    2.808964] io scheduler deadline registered (default)
[    2.809969] io scheduler cfq registered
[    2.810820] pci_hotplug: PCI Hot Plug PCI Core version: 0.5
[    2.811854] pciehp: PCI Express Hot Plug Controller Driver version: 0.4
[    2.813200] ACPI: AC Adapter [AC] (on-line)
[    2.814084] input: Power Button as /devices/LNXSYSTM:00/LNXPWRBN:00/input/input0
[    2.815541] ACPI: Power Button [PWRF]
[    2.816344] input: Sleep Button as /devices/LNXSYSTM:00/LNXSLPBN:00/input/input1
[    2.817870] ACPI: Sleep Button [SLPF]
[    2.818759] GHES: HEST is not enabled!
[    2.819602] Serial: 8250/16550 driver, 32 ports, IRQ sharing enabled
[    2.842286] 00:02: ttyS0 at I/O 0x3f8 (irq = 4, base_baud = 115200) is a 16550A
[    2.844775] Linux agpgart interface v0.103
[    2.846405] loop: module loaded
[    2.847513] scsi host0: ata_piix
[    2.848350] scsi host1: ata_piix
[    2.849186] ata1: PATA max UDMA/33 cmd 0x1f0 ctl 0x3f6 bmdma 0xd000 irq 14
[    2.948000] ata2: PATA max UDMA/33 cmd 0x170 ctl 0x376 bmdma 0xd008 irq 15
[    2.949490] libphy: Fixed MDIO Bus: probed
[    2.950104] tun: Universal TUN/TAP device driver, 1.6
[    2.950813] tun: (C) 1999-2004 Max Krasnyansky <maxk@qualcomm.com>
[    2.951674] PPP generic driver version 2.4.2
[    2.952375] ehci_hcd: USB 2.0 'Enhanced' Host Controller (EHCI) Driver
[    2.953270] ehci-pci: EHCI PCI platform driver
[    2.953928] ehci-platform: EHCI generic platform driver
[    2.954655] ohci_hcd: USB 1.1 'Open' Host Controller (OHCI) Driver
[    2.955470] ohci-pci: OHCI PCI platform driver
[    2.956137] ohci-platform: OHCI generic platform driver
[    2.956913] uhci_hcd: USB Universal Host Controller Interface driver
[    2.957800] i8042: PNP: PS/2 Controller [PNP0303:PS2K,PNP0f03:PS2M] at 0x60,0x64 irq 1,12
[    2.959355] serio: i8042 KBD port at 0x60,0x64 irq 1
[    3.017940] serio: i8042 AUX port at 0x60,0x64 irq 12
[    3.018903] mousedev: PS/2 mouse device common for all mice
[    3.019907] input: AT Translated Set 2 keyboard as /devices/platform/i8042/serio0/input/input2
[    3.021493] rtc_cmos rtc_cmos: rtc core: registered rtc_cmos as rtc0
[    3.022413] rtc_cmos rtc_cmos: alarms up to one day, 114 bytes nvram
[    3.023267] i2c /dev entries driver
[    3.023863] device-mapper: uevent: version 1.0.3
[    3.024604] device-mapper: ioctl: 4.34.0-ioctl (2015-10-28) initialised: dm-devel@redhat.com
[    3.025870] ledtrig-cpu: registered to indicate activity on CPUs
[    3.026894] NET: Registered protocol family 10
[    3.027724] NET: Registered protocol family 17
[    3.028418] Key type dns_resolver registered
[    3.029280] registered taskstats version 1
[    3.029939] Loading compiled-in X.509 certificates
[    3.031211] Loaded X.509 cert 'Build time autogenerated kernel key: fc7b57a7df019f2655f66a8a374d74ee8f4999fc'
[    3.032579] zswap: loaded using pool lzo/zbud
[    3.034643] Key type trusted registered
[    3.037672] Key type encrypted registered
[    3.128962] AppArmor: AppArmor sha1 policy hashing enabled
[    3.129734] ima: No TPM chip found, activating TPM-bypass!
[    3.130494] evm: HMAC attrs: 0x1
[    3.131225]   Magic number: 10:435:849
[    3.131824]  index1: hash matches
[    3.148076] graphics fbcon: hash matches
[    3.148811] rtc_cmos rtc_cmos: setting system clock to 2018-11-08 19:50:24 UTC (1541706624)
[    3.150071] BIOS EDD facility v0.16 2004-Jun-25, 0 devices found
[    3.150866] EDD information not available.
[    3.152525] Freeing unused kernel memory: 1512K
[    3.164567] Write protecting the kernel read-only data: 14336k
[    3.188604] Freeing unused kernel memory: 1688K
[    3.189429] Freeing unused kernel memory: 96K
Loading, please wait...
starting version 229
[    3.199808] random: udevadm: uninitialized urandom read (16 bytes read, 2 bits of entropy available)
[    3.201586] random: systemd-udevd: uninitialized urandom read (16 bytes read, 2 bits of entropy available)
[    3.203025] random: systemd-udevd: uninitialized urandom read (16 bytes read, 2 bits of entropy available)
[    3.204381] random: systemd-udevd: uninitialized urandom read (16 bytes read, 2 bits of entropy available)
[    3.205755] random: udevadm: uninitialized urandom read (16 bytes read, 2 bits of entropy available)
[    3.209113] random: systemd-udevd: uninitialized urandom read (16 bytes read, 2 bits of entropy available)
[    3.214694] random: systemd-udevd: uninitialized urandom read (16 bytes read, 2 bits of entropy available)
[    3.216016] random: systemd-udevd: uninitialized urandom read (16 bytes read, 2 bits of entropy available)
[    3.217392] random: systemd-udevd: uninitialized urandom read (16 bytes read, 2 bits of entropy available)
[    3.220700] random: systemd-udevd: uninitialized urandom read (16 bytes read, 2 bits of entropy available)
[    3.283919] e1000: Intel(R) PRO/1000 Network Driver - version 7.3.21-k8-NAPI
[    3.284982] e1000: Copyright (c) 1999-2006 Intel Corporation.
[    3.290440] Fusion MPT base driver 3.04.20
[    3.291098] Copyright (c) 1999-2008 LSI Corporation
[    3.303097] Fusion MPT SPI Host driver 3.04.20
[    3.325101] AVX version of gcm_enc/dec engaged.
[    3.325834] AES CTR mode by8 optimization enabled
[    3.498901] input: ImExPS/2 Generic Explorer Mouse as /devices/platform/i8042/serio1/input/input4
[    3.673767] e1000 0000:00:03.0 eth0: (PCI:33MHz:32-bit) 02:c7:c3:8a:9f:23
[    3.698392] e1000 0000:00:03.0 eth0: Intel(R) PRO/1000 Network Connection
[    3.699763] mptbase: ioc0: Initiating bringup
[    3.760826] ioc0: LSI53C1030 A0: Capabilities={Initiator}
[    3.788628] tsc: Refined TSC clocksource calibration: 3393.249 MHz
[    3.790548] clocksource: tsc: mask: 0xffffffffffffffff max_cycles: 0x30e964e25dc, max_idle_ns: 440795243638 ns
[    3.922504] scsi host2: ioc0: LSI53C1030 A0, FwRev=00000000h, Ports=1, MaxQ=256, IRQ=20
[    4.038676] scsi 2:0:0:0: Direct-Access     VBOX     HARDDISK         1.0  PQ: 0 ANSI: 5
[    4.043123] scsi target2:0:0: Beginning Domain Validation
[    4.046474] scsi target2:0:0: Domain Validation skipping write tests
[    4.048581] scsi target2:0:0: Ending Domain Validation
[    4.050475] scsi target2:0:0: asynchronous
[    4.051425] scsi 2:0:1:0: Direct-Access     VBOX     HARDDISK         1.0  PQ: 0 ANSI: 5
[    4.059658] scsi target2:0:1: Beginning Domain Validation
[    4.061148] scsi target2:0:1: Domain Validation skipping write tests
[    4.062024] scsi target2:0:1: Ending Domain Validation
[    4.062813] scsi target2:0:1: asynchronous
[    4.066148] sd 2:0:0:0: Attached scsi generic sg0 type 0
[    4.066946] sd 2:0:0:0: [sda] 20971520 512-byte logical blocks: (10.7 GB/10.0 GiB)
[    4.068512] sd 2:0:1:0: [sdb] 20480 512-byte logical blocks: (10.5 MB/10.0 MiB)
[    4.073552] sd 2:0:1:0: Attached scsi generic sg1 type 0
[    4.074424] sd 2:0:0:0: [sda] Write Protect is off
[    4.075171] sd 2:0:1:0: [sdb] Write Protect is off
[    4.075888] sd 2:0:0:0: [sda] Incomplete mode parameter data
[    4.076711] sd 2:0:0:0: [sda] Assuming drive cache: write through
[    4.077679] sd 2:0:1:0: [sdb] Incomplete mode parameter data
[    4.078454] sd 2:0:1:0: [sdb] Assuming drive cache: write through
[    4.088354]  sda: sda1
[    4.089821] sd 2:0:0:0: [sda] Attached SCSI disk
[    4.098440] sd 2:0:1:0: [sdb] Attached SCSI disk
[    4.398659] e1000 0000:00:08.0 eth1: (PCI:33MHz:32-bit) 08:00:27:15:a9:44
[    4.418471] e1000 0000:00:08.0 eth1: Intel(R) PRO/1000 Network Connection
[    4.420155] e1000 0000:00:08.0 enp0s8: renamed from eth1
[    4.422441] e1000 0000:00:03.0 enp0s3: renamed from eth0
Begin: Loading essential drivers[    5.671756] md: linear personality registered for level -1
 ... [    5.915758] md: multipath personality registered for level -4
[    6.090843] md: raid0 personality registered for level 0
[    6.125516] md: raid1 personality registered for level 1
[    6.197534] raid6: sse2x1   gen() 10567 MB/s
[    6.397547] raid6: sse2x1   xor()  7906 MB/s
[    6.497540] raid6: sse2x2   gen() 12990 MB/s
[    6.589437] raid6: sse2x2   xor()  8827 MB/s
[    6.797547] raid6: sse2x4   gen() 13722 MB/s
[    6.877553] raid6: sse2x4   xor() 10597 MB/s
[    6.940881] raid6: using algorithm sse2x4 gen() 13722 MB/s
[    6.941627] raid6: .... xor() 10597 MB/s, rmw enabled
[    6.942307] raid6: using ssse3x2 recovery algorithm
[    6.944999] xor: automatically using best checksumming function:
[    7.005101]    avx       : 42675.000 MB/sec
[    7.149777] async_tx: api initialized (async)
[    7.161171] md: raid6 personality registered for level 6
[    7.198283] md: raid5 personality registered for level 5
[    7.198997] md: raid4 personality registered for level 4
[    7.204830] md: raid10 personality registered for level 10
done.
Begin: Running /scripts/init-premount ... done.
Begin: Mounting root file system ... Begin: Running /scripts/local-top ... done.
Begin: Running /scripts/local-premount ... [    7.233474] Btrfs loaded
Scanning for Btrfs filesystems
done.
Warning: fsck no[    7.413803] EXT4-fs (sda1): mounted filesystem with ordered data mode. Opts: (null)
t present, so skipping root file system
done.
Begin: Running /scripts/local-bottom ... done.
Begin: Running /scripts/init-bottom ... done.
[    7.880196] systemd[1]: systemd 229 running in system mode. (+PAM +AUDIT +SELINUX +IMA +APPARMOR +SMACK +SYSVINIT +UTMP +LIBCRYPTSETUP +GCRYPT +GNUTLS +ACL +XZ -LZ4 +SECCOMP +BLKID +ELFUTILS +KMOD -IDN)
[    7.883040] systemd[1]: Detected virtualization oracle.
[    7.883872] systemd[1]: Detected architecture x86-64.

Welcome to [1mUbuntu 16.04.4 LTS[0m!

[    7.887114] systemd[1]: Set hostname to <ubuntu>.
[    7.891353] systemd[1]: Initializing machine ID from random generator.
[    7.892858] systemd[1]: Installed transient /etc/machine-id file.
[    8.008558] systemd[1]: Set up automount Arbitrary Executable File Formats File System Automount Point.
[[0;32m  OK  [0m] Set up automount Arbitrary Executab...ats File System Automount Point.
[    8.150067] systemd[1]: Reached target User and Group Name Lookups.
[[0;32m  OK  [0m] Reached target User and Group Name Lookups.
[    8.151889] systemd[1]: Listening on Journal Socket (/dev/log).
[[0;32m  OK  [0m] Listening on Journal Socket (/dev/log).
[    8.153994] systemd[1]: Created slice System Slice.
[[0;32m  OK  [0m] Created slice System Slice.
[    8.155621] systemd[1]: Listening on Syslog Socket.
[[0;32m  OK  [0m] Listening on Syslog Socket.
[    8.157292] systemd[1]: Started Trigger resolvconf update for networkd DNS.
[[0;32m  OK  [0m] Started Trigger resolvconf update for networkd DNS.
[    8.169481] systemd[1]: Listening on LVM2 poll daemon socket.
[[0;32m  OK  [0m] Listening on LVM2 poll daemon socket.
[    8.171740] systemd[1]: Reached target Encrypted Volumes.
[[0;32m  OK  [0m] Reached target Encrypted Volumes.
[    8.174050] systemd[1]: Reached target Swap.
[[0;32m  OK  [0m] Reached target Swap.
[    8.175988] systemd[1]: Listening on /dev/initctl Compatibility Named Pipe.
[[0;32m  OK  [0m] Listening on /dev/initctl Compatibility Named Pipe.
[    8.178638] systemd[1]: Listening on udev Kernel Socket.
[[0;32m  OK  [0m] Listening on udev Kernel Socket.
[    8.180817] systemd[1]: Listening on Device-mapper event daemon FIFOs.
[[0;32m  OK  [0m] Listening on Device-mapper event daemon FIFOs.
[    8.183271] systemd[1]: Listening on udev Control Socket.
[[0;32m  OK  [0m] Listening on udev Control Socket.
[    8.185464] systemd[1]: Started Forward Password Requests to Wall Directory Watch.
[[0;32m  OK  [0m] Started Forward Password Requests to Wall Directory Watch.
[    8.188137] systemd[1]: Reached target System Time Synchronized.
[[0;32m  OK  [0m] Reached target System Time Synchronized.
[    8.189944] systemd[1]: Listening on LVM2 metadata daemon socket.
[[0;32m  OK  [0m] Listening on LVM2 metadata daemon socket.
[    8.191933] systemd[1]: Created slice User and Session Slice.
[[0;32m  OK  [0m] Created slice User and Session Slice.
[    8.193695] systemd[1]: Reached target Slices.
[[0;32m  OK  [0m] Reached target Slices.
[    8.195306] systemd[1]: Listening on Journal Socket.
[[0;32m  OK  [0m] Listening on Journal Socket.
[    8.197467] systemd[1]: Starting Monitoring of LVM2 mirrors, snapshots etc. using dmeventd or progress polling...
         Starting Monitoring of LVM2 mirrors... dmeventd or progress polling...
[    8.200454] systemd[1]: Starting Set console keymap...
         Starting Set console keymap...
[    8.203074] systemd[1]: Mounting Debug File System...
         Mounting Debug File System...
[    8.210606] systemd[1]: Starting Remount Root and Kernel File Systems...
         Starting Remount Root and Kernel File Systems...
[    8.220127] systemd[1]: Starting Load Kernel Modules...
         Starting Load Kernel Modules...
[    8.222732] EXT4-fs (sda1): re-mounted. Opts: (null)
[    8.399725] systemd[1]: Starting Uncomplicated firewall...
         Starting Uncomplicated firewall...
[    8.451065] systemd[1]: Starting Create list of required static device nodes for the current kernel...
         Starting Create list of required st... nodes for the current kernel...
[    8.455054] systemd[1]: Starting Nameserver information manager...
         Starting Nameserver information manager...
[    8.458779] systemd[1]: Mounting POSIX Message Queue File System...
         Mounting POSIX Message Queue File System...
[    8.462028] systemd[1]: Listening on Journal Audit Socket.
[    8.588792] Loading iSCSI transport class v2.0-870.
[[0;32m  OK  [0m] Listening on [    8.710965] iscsi: registered transport (tcp)
Journal Audit Socket.
[    8.715244] systemd[1]: Starting Journal Service...
         Starting Journal Service...
[    8.717879] systemd[1]: Mounting Huge Pages File System...
         Mounting Huge Pages File System...
[    8.723103] systemd[1]: Created slice system-serial\x2dgetty.slice.
[[0;32m  OK  [0m] Created slice system-serial\x2dgetty.slice.
[    8.727715] systemd[1]: Mounted Huge Pages File System.
[[0;32m  OK  [0m] Mounted Huge Pages File System.
[    8.729842] systemd[1]: Mounted Debug File System.
[[0;32m  OK  [0m] Mounted Debug File System.
[    8.735574] systemd[1]: Mounted POSIX Message Queue File System.
[[0;32m  OK  [0m] Mounted POSIX Message Queue File System.
[    8.741035] systemd[1]: Started Set console keymap.
[[0;32m  OK  [0m] Started Set console keymap.
[    8.746940] systemd[1]: Started Remount Root and Kernel File Systems.
[[0;32m  OK  [0m] Started Remou[    8.845868] iscsi: registered transport (iser)
nt Root and Kernel File Systems.
[    8.889145] systemd[1]: Started Uncomplicated firewall.
[[0;32m  OK  [0m] Started Uncomplicated firewall.
[    8.891189] systemd[1]: Started Create list of required static device nodes for the current kernel.
[[0;32m  OK  [0m] Started Create list of required sta...ce nodes for the current kernel.
[    8.897608] systemd[1]: Started Load Kernel Modules.
[[0;32m  OK  [0m] Started Load Kernel Modules.
[    8.902327] systemd[1]: Started Journal Service.
[[0;32m  OK  [0m] Started Journal Service.
[[0;32m  OK  [0m] Started Nameserver information manager.
[[0;32m  OK  [0m] Started LVM2 metadata daemon.
         Mounting FUSE Control File System...
         Starting Apply Kernel Variables...
         Starting Create Static Device Nodes in /dev...
         Starting Flush Journal to Persistent Storage...
         Starting Load/Save Random Seed...
         Starting udev Coldplug all Devices...
[[0;32m  OK  [0m] Mounted FUSE Control File System.
[[0;32m  OK  [0m] Started Apply Kernel Variables.
[[0;32m  OK  [0m] Started Create Static Device Nodes in /dev.
[[0;32m  OK  [0m] Started Load/Save Random Seed.
[[0;32m  OK  [0m] Started udev Coldplug all Devices.
[[0;32m  OK  [0m] Started Flush Journal to Persistent Storage.
         Starting udev Kernel Device Manager...
[[0;32m  OK  [0m] Started udev Kernel Device Manager.
[[0;32m  OK  [0m] Started Dispatch Password Requests to Console Directory Watch.
[[0;32m  OK  [0m] Found device /dev/ttyS0.
[[0;32m  OK  [0m] Started Monitoring of LVM2 mirrors,...ng dmeventd or progress polling.
[[0;32m  OK  [0m] Reached target Local File Systems (Pre).
[[0;32m  OK  [0m] Reached target Local File Systems.
         Starting Create Volatile Files and Directories...
         Starting Commit a transient machine-id on disk...
         Starting Tell Plymouth To Write Out Runtime Data...
         Starting Initial cloud-init job (pre-networking)...
         Starting Set console font and keymap...
         Starting LSB: AppArmor initialization...
[[0;32m  OK  [0m] Started Create Volatile Files and Directories.
[[0;32m  OK  [0m] Started Commit a transient machine-id on disk.
[[0;32m  OK  [0m] Started Tell Plymouth To Write Out Runtime Data.
         Starting Update UTMP about System Boot/Shutdown...
[[0;32m  OK  [0m] Started Update UTMP about System Boot/Shutdown.
[[0;32m  OK  [0m] Listening on Load/Save RF Kill Switch Status /dev/rfkill Watch.
[    9.651113] cloud-init[526]: Cloud-init v. 18.2 running 'init-local' at Thu, 08 Nov 2018 19:50:31 +0000. Up 9.18 seconds.
[[0;32m  OK  [0m] Started Initial cloud-init job (pre-networking).
[[0;32m  OK  [0m] Reached target Network (Pre).
[[0;32m  OK  [0m] Started Set console font and keymap.
[[0;32m  OK  [0m] Created slice system-getty.slice.
[[0;32m  OK  [0m] Started LSB: AppArmor initialization.
         Starting Raise network interfaces...
[[0;32m  OK  [0m] Started Raise network interfaces.
[[0;32m  OK  [0m] Reached target Network.
         Starting Initial cloud-init job (metadata service crawler)...
[   11.016401] cloud-init[983]: Cloud-init v. 18.2 running 'init' at Thu, 08 Nov 2018 19:50:32 +0000. Up 10.43 seconds.
[   11.056671] cloud-init[983]: ci-info: ++++++++++++++++++++++++++++++++++++++Net device info++++++++++++++++++++++++++++++++++++++
[[0;32m  OK  [0m] Started Initial cloud-init job (metadata service crawler).
[[0;32m  OK  [0m] Reached target Cloud-config availability.
[   11.061258] cloud-init[983]: ci-info: +--------+-------+----------------------------+---------------+-------+-------------------+
[[0;32m  OK  [0m] Reached target System Initialization.
[   11.064146] cloud-init[983]: ci-info: | Device |   Up  |          Address           |      Mask     | Scope |     Hw-Address    |
[   11.065560] cloud-init[983]: ci-info: +--------+-------+----------------------------+---------------+-------+-------------------+
[   11.066956] cloud-init[983]: ci-info: | enp0s3 |  True |         10.0.2.15          | 255.255.255.0 |   .   | 02:c7:c3:8a:9f:23 |
         Starting LXD - unix socket.
[[0;32m  OK  [0m] Started Daily Cleanup of Temporary Directories.
[[0;32m  OK  [0m] Started Daily apt download activities.
[[0;32m  OK  [0m] Started Daily apt upgrade and clean activities.
[   11.070849] cloud-init[983]: ci-info: | enp0s3 |  True | fe80::c7:c3ff:fe8a:9f23/64 |       .       |  link | 02:c7:c3:8a:9f:23 |[[0;32m  OK  [0m] Listening on D-Bus System Message Bus Socket.
[[0;32m  OK  [0m] Listening on UUID daemon activation socket.

[   11.106798] cloud-init[983]: ci-info: | enp0s8 | False |             .              |       .       |   .   | 08:00:27:15:a9:44 |
[[0;32m  OK  [0m] Started ACPI Events Check.
[[0;32m  OK  [0m] Reached target Paths.
[[0;32m  OK  [0m] Listening on ACPID Listen Socket.
[[0;32m  OK  [0m] Reached target Timers.
         Starting Socket activation for snappy daemon.
[[0;32m  OK  [0m] Reached target Network is Online.
         Starting iSCSI initiator daemon (iscsid)...
[   11.120974] cloud-init[983]: ci-info: |   lo   |  True |         127.0.0.1          |   255.0.0.0   |   .   |         .         |
[   11.153679] cloud-init[983]: ci-info: |   lo   |  True |          ::1/128           |       .       |  host |         .         |
[[0;32m  OK  [0m] Listening on LXD - unix socket.
[[0;32m  OK  [0m] Listening on Socket activation for snappy daemon.
[   11.158930] cloud-init[983]: ci-info: +--------+-------+----------------------------+---------------+-------+-------------------+
[   11.163692] cloud-init[983]: ci-info: +++++++++++++++++++++++++++Route IPv4 info++++++++++++++++++++++++++++
[   11.184864] cloud-init[983]: ci-info: +-------+-------------+----------+---------------+-----------+-------+
[[0;32m  OK  [0m] Started iSCSI initiator daemon (iscsid).
[   11.189160] cloud-init[983]: ci-info: | Route | Destination | Gateway  |    Genmask    | Interface | Flags |
[   11.198839] cloud-init[983]: ci-info: +-------+-------------+----------+---------------+-----------+-------+         Starting Login to default iSCSI targets...
[[0;32m  OK  [0m] Reached target Sockets.
[[0;32m  OK  [0m] Reached target Basic System.
         Starting Apply the settings specified in cloud-config...
[[0;32m  OK  [0m] Started Deferred execution scheduler.
[[0;32m  OK  [0m] Started D-Bus System Message Bus.

[   11.221900] cloud-init[983]: ci-info: |   0   |   0.0.0.0   | 10.0.2.2 |    0.0.0.0    |   enp0s3  |   UG  |
[   11.223485] cloud-init[983]: ci-info: |   1   |   10.0.2.0  | 0.0.0.0  | 255.255.255.0 |   enp0s3  |   U   |
[   11.225361] cloud-init[983]: ci-info: +-------+-------------+----------+---------------+-----------+-------+
[   11.228295] cloud-init[983]: Generating public/private rsa key pair.
[   11.232249] cloud-init[983]: Your identification has been saved in /etc/ssh/ssh_host_rsa_key.
         Starting Accounts Service...
[[0;32m  OK  [0m] Started FUSE filesystem for LXC.
[[0;32m  OK  [0m] Started Unattended Upgrades Shutdown.
[   11.241637] cloud-init[983]: Your public key has been saved in /etc/ssh/ssh_host_rsa_key.pub.
[[0;32m  OK  [0m] Started Regular background program processing daemon.
         Starting LXD - container startup/shutdown...
         Starting Pollinate to seed the pseudo random number generator...
[[0;32m  OK  [0m] Started ACPI event daemon.
[   11.324508] cloud-init[983]: The key fingerprint is:
         Starting Login Service...
         Starting Virtualbox guest utils...
         Starting /etc/rc.local Compatibility...
         Starting LSB: MD monitoring daemon...
         Starting LSB: Record successful boot for GRUB...
         Starting Snappy daemon...
         Starting System Logging Service...
[   11.391082] cloud-init[983]: SHA256:lm0J4K9KK8f0Rx77SBWbhTjIttVMs/i+AENGNK1FYjw root@ubuntu-xenial[[0;32m  OK  [0m] Started /etc/rc.local Compatibility.

[   11.438850] [[0;32m  OK  [0m] Started Login to default iSCSI targets.
[[0;32m  OK  [0m] Started System Logging Service.
cloud-init[983]: The key's randomart image is:
[   11.465083] cloud-init[983]: +---[RSA 2048]----+
[   11.468550] cloud-init[983]: |     oBo. o      |
[   11.477210] cloud-init[983]: |     =E=o* +     |
[   11.537369] cloud-init[983]: |      B+* * .    |
[   11.543696] cloud-init[983]:          Starting Authenticate and Authorize Users to Run Privileged Tasks...
[[0;32m  OK  [0m] Reached target Remote File Systems (Pre).
[[0;32m  OK  [0m] Reached target Remote File Systems.
|     +.+ * *     |
         Starting LSB: daemon to balance interrupts for SMP systems...
         Starting LSB: Set the CPU Frequency Scaling governor to "ondemand"...
         Starting Permit User Sessions...
         Starting LSB: automatic crash report generation...
[[0;32m  OK  [0m] Started Login Service.
[   11.559190] cloud-init[983]: |      + S O      |
[[0;32m  OK  [0m] Started Permit User Sessions.
[   11.609364] cloud-init[983]: |    .  =o+       |
[   11.626602] cloud-init[983]: |   o...ooo.      |
[[0;32m  OK  [0m] Started LSB: Record successful boot for GRUB.
[[0;32m  OK  [0m] Started LXD - container startup/shutdown.
[   11.643551] cloud-init[983]: |  ..oo..+o .     |
         Starting Terminate Plymouth Boot Screen...[   11.677439] cloud-init[983]: |   oo  ...o      |

         Starting Hold until boot process finishes up...
[[0;32m  OK  [0m] Started LSB: MD monitoring daemon.
[[0;32m  OK  [0m] Started Terminate Plymouth Boot Screen.
[[0;32m  OK  [0m] Started Hold until boot process finishes up.
[[0;32m  OK  [0m] Started LSB: Set the CPU Frequency Scaling governor to "ondemand".
[[0;32m  OK  [0m] Started Authenticate and Authorize Users to Run Privileged Tasks.
[[0;32m  OK  [0m] Started Getty on tty1.
[   11.699250] cloud-init[983]: +----[SHA256]-----+
         Starting Set console scheme...
[[0;32m  OK  [0m] Started Serial Getty on ttyS0.
[[0;32m  OK  [0m] Reached target Login Prompts.
[[0;32m  OK  [0m] Started LSB: daemon to balance interrupts for SMP systems.
[[0;32m  OK  [0m] Started LSB: automatic crash report generation.
[   11.736376] cloud-init[983]: Generating public/private dsa key pair.
[[0;32m  OK  [0m] Started Set console scheme.
[[0;32m  OK  [0m] Started Virtualbox guest utils.
[[0;32m  OK  [0m] Started Snappy daemon.
[[0;32m  OK  [0m] Started Accounts Service.
[   11.812170] cloud-init[983]: Your identification has been saved in /etc/ssh/ssh_host_dsa_key.
         Starting Wait until snapd is fully seeded...
[   11.851083] cloud-init[983]: Your public key has been saved in /etc/ssh/ssh_host_dsa_key.pub.
[   11.871310] cloud-init[983]: The key fingerprint is:
[   11.888223] cloud-init[983]: SHA256:Rf+M4v1LH6pH42MrQTrAGdJXGvZqRoQ+Sf9n9qoEdzM root@ubuntu-xenial
[   11.889639] cloud-init[983]: The key's randomart image is:
[   11.890678] cloud-init[983]: +---[DSA 1024]----+
[   11.893418] cloud-init[983]: |      . .+o.     |
[   11.895848] cloud-init[983]: |     . =oo+.     |
[   11.911376] cloud-init[983]: |      = *o...    |
[   11.951482] cloud-init[983]: |       B.o.. +   |
[   11.971685] cloud-init[983]: |        S==..Eo  |
[   11.973466] cloud-init[983]: |        o+o=.*o  |
[   12.001571] cloud-init[983]: |          o.O +. |
[   12.002927] cloud-init[983]: |          .. B.o.|
[   12.004189] cloud-init[983]: |           o*+*..|
[   12.008204] cloud-init[983]: +----[SHA256]-----+
[   12.009509] cloud-init[983]: Generating public/private ecdsa key pair.
[   12.061476] cloud-init[983]: Your identification has been saved in /etc/ssh/ssh_host_ecdsa_key.
[   12.072270] cloud-init[983]: Your public key has been saved in /etc/ssh/ssh_host_ecdsa_key.pub.
[   12.074048] cloud-init[983]: The key fingerprint is:
[   12.075310] cloud-init[983]: SHA256:sN5Z023qvg059WZxnnnOW2iWMA41d+wv2Y2m7vNC0nE root@ubuntu-xenial
[   12.080387] cloud-init[983]: The key's randomart image is:
[   12.081846] cloud-init[983]: +---[ECDSA 256]---+
[   12.084116] cloud-init[983]: |                 |
[   12.089430] cloud-init[983]: |               . |
[   12.156426] cloud-init[983]: |      .     o . o|
[   12.173198] cloud-init[983]: |       o   o.+Eo |
[   12.174694] cloud-init[983]: |      . S +.+o+.o|
[   12.185109] cloud-init[983]: |     . . o.+oB OB|
[   12.188682] cloud-init[983]: |      . o  o* Xo@|
[[0;32m  OK  [0m] Started Pollinate to seed the pseudo random number generator.
[   12.209468] cloud-init[983]: |           .oO *o|
[   12.215088] cloud-init[983]: |           +B=o.+|         Starting OpenBSD Secure Shell server...

[   12.218967] cloud-init[983]: +----[SHA256]-----+
[[0;32m  OK  [0m] Started OpenBSD Secure Shell server.
[   12.231211] cloud-init[983]: Generating public/private ed25519 key pair.
[   12.241909] cloud-init[983]: Your identification has been saved in /etc/ssh/ssh_host_ed25519_key.
[   12.248268] cloud-init[983]: Your public key has been saved in /etc/ssh/ssh_host_ed25519_key.pub.
[   12.280496] cloud-init[983]: The key fingerprint is:
[   12.282187] cloud-init[983]: SHA256:N41XxqKD1NN8UiRaYoMeWBBmr55W7BVJqetO4eNhh80 root@ubuntu-xenial
[   12.285548] cloud-init[983]: The key's randomart image is:
[   12.288272] cloud-init[983]: +--[ED25519 256]--+
[   12.290617] cloud-init[983]: |      ==..=.o.o  |
[   12.294477] cloud-init[983]: |     o..o+.O +   |
[   12.328475] cloud-init[983]: |       .oo* = =  |
[   12.329746] cloud-init[983]: |       +o. * *   |
[   12.330811] cloud-init[983]: |      . S.B o    |
[   12.332431] cloud-init[983]: |     . =.B +     |
[   12.336259] cloud-init[983]: |      +.O E      |
[   12.337404] cloud-init[983]: |     . +.+       |
[   12.340637] cloud-init[983]: |       .o        |
[   12.344575] cloud-init[983]: +----[SHA256]-----+
[   12.351267] cloud-init[1087]: Generating locales (this might take a while)...
[[0;32m  OK  [0m] Created slice User Slice of vagrant.
         Starting User Manager for UID 1000...
[[0;32m  OK  [0m] Started Session 1 of user vagrant.
[[0;32m  OK  [0m] Started User Manager for UID 1000.
[   13.556304] cloud-init[1087]:   en_US.UTF-8... done
[   13.572372] cloud-init[1087]: Generation complete.
[   13.924018] cloud-init[1087]: Cloud-init v. 18.2 running 'modules:config' at Thu, 08 Nov 2018 19:50:34 +0000. Up 12.06 seconds.
[[0;32m  OK  [0m] Started Apply the settings specified in cloud-config.
[[0;32m  OK  [0m] Started Wait until snapd is fully seeded.
[[0;32m  OK  [0m] Reached target Multi-User System.
         Starting Execute cloud user/final scripts...
[[0;32m  OK  [0m] Reached target Graphical Interface.
         Starting Update UTMP about System Runlevel Changes...
[[0;32m  OK  [0m] Started Update UTMP about System Runlevel Changes.
ci-info: no authorized ssh keys fingerprints found for user ubuntu.
<14>Nov  8 19:50:39 ec2: 
<14>Nov  8 19:50:39 ec2: #############################################################
<14>Nov  8 19:50:39 ec2: -----BEGIN SSH HOST KEY FINGERPRINTS-----
<14>Nov  8 19:50:39 ec2: 1024 SHA256:Rf+M4v1LH6pH42MrQTrAGdJXGvZqRoQ+Sf9n9qoEdzM root@ubuntu-xenial (DSA)
<14>Nov  8 19:50:39 ec2: 256 SHA256:sN5Z023qvg059WZxnnnOW2iWMA41d+wv2Y2m7vNC0nE root@ubuntu-xenial (ECDSA)
<14>Nov  8 19:50:39 ec2: 256 SHA256:N41XxqKD1NN8UiRaYoMeWBBmr55W7BVJqetO4eNhh80 root@ubuntu-xenial (ED25519)
<14>Nov  8 19:50:39 ec2: 2048 SHA256:lm0J4K9KK8f0Rx77SBWbhTjIttVMs/i+AENGNK1FYjw root@ubuntu-xenial (RSA)
<14>Nov  8 19:50:39 ec2: -----END SSH HOST KEY FINGERPRINTS-----
<14>Nov  8 19:50:39 ec2: #############################################################
-----BEGIN SSH HOST KEY KEYS-----
ecdsa-sha2-nistp256 AAAAE2VjZHNhLXNoYTItbmlzdHAyNTYAAAAIbmlzdHAyNTYAAABBBCEmAWNY7poFe9USTsbajt99MyRrnHguzCTUzBbw/azTAmsEz1BixooV0oQm4XJn4TVineW7lRhGRs1HD9jEVJg= root@ubuntu-xenial
ssh-ed25519 AAAAC3NzaC1lZDI1NTE5AAAAIL1FuN0Rfccsev93deZqk4UdyVoFkTTU6BvPkRLqTY/2 root@ubuntu-xenial
ssh-rsa AAAAB3NzaC1yc2EAAAADAQABAAABAQDHfih7gTx3WHRhK0bnWy4VTn0u9Qs0yvxj+ja5D02qPmsb3HzwAAIr5ee78yW+vuI3RXsTDum8Hk7slcQ9Ht2XX+RODecB0GDtE7i2/laOdjqPM3koKYYk0vNWHLLotQVdHqXRamskYv/DDtcbRkxm0hEtHZbfbxI9TJkxlxXJsB6qTvcxf+M2ftuHtitGrhq3csaFNWBI5fAEMOVTHnDOMlEU60hvQ7EjIv8AwIanxbFdvnsaWdaYW9OYWyMhUSt98Jx+kpx5u9v/NPHnVTRwCi2hdB53YX1ec8nU1uzYDlNLWYx1n9w6YIpdTFMErIOTaDXpQb+V4Jz1ldasYvaN root@ubuntu-xenial
-----END SSH HOST KEY KEYS-----
[   16.815505] cloud-init[1519]: Cloud-init v. 18.2 running 'modules:final' at Thu, 08 Nov 2018 19:50:39 +0000. Up 16.66 seconds.
[   16.815668] cloud-init[1519]: ci-info: no authorized ssh keys fingerprints found for user ubuntu.
[   16.815772] cloud-init[1519]: Cloud-init v. 18.2 finished at Thu, 08 Nov 2018 19:50:39 +0000. Datasource DataSourceNoCloud [seed=/dev/sdb][dsmode=net].  Up 16.80 seconds

Ubuntu 16.04.4 LTS ubuntu-xenial ttyS0

ubuntu-xenial login:                  Stopping Unattended Upgrades Shutdown...
         Stopping vboxadd-service.service...
         Stopping LSB: daemon to balance interrupts for SMP systems...
         Stopping LSB: automatic crash report generation...
         Stopping LXD - container startup/shutdown...
         Stopping Accounts Service...
[  OK  ] Stopped target RPC Port Mapper.
         Stopping User Manager for UID 1000...
         Stopping System Logging Service...
         Stopping Authenticate and Authorize Users to Run Privileged Tasks...
         Stopping LSB: Record successful boot for GRUB...
         Stopping The PHP 7.2 FastCGI Process Manager...
         Stopping Deferred execution scheduler...
         Stopping LSB: MD monitoring daemon...
[  OK  ] Stopped Wait until snapd is fully seeded.
         Stopping Snappy daemon...
[  OK  ] Stopped Daily apt upgrade and clean activities.
[  OK  ] Stopped Daily apt download activities.
[  OK  ] Stopped target System Time Synchronized.
[  OK  ] Stopped target Cloud-config availability.
         Stopping Regular background program processing daemon...
         Stopping LSB: Apache2 web server...
[  OK  ] Unmounted /var/lib/lxcfs.
[  OK  ] Stopped Deferred execution scheduler.
[  OK  ] Stopped Accounts Service.
[  OK  ] Stopped Regular background program processing daemon.
[  OK  ] Stopped ACPI event daemon.
[  OK  ] Stopped Snappy daemon.
[  OK  ] Stopped System Logging Service.
[  OK  ] Stopped Authenticate and Authorize Users to Run Privileged Tasks.
[  OK  ] Stopped Getty on tty1.
[  OK  ] Stopped Serial Getty on ttyS0.
[  OK  ] Stopped OpenBSD Secure Shell server.
[  OK  ] Stopped memcached daemon.
[  OK  ] Stopped User Manager for UID 1000.
[  OK  ] Stopped Session 10 of user vagrant.
[  OK  ] Stopped D-Bus System Message Bus.
[  OK  ] Stopped FUSE filesystem for LXC.
[  OK  ] Stopped LSB: Set the CPU Frequency Scaling governor to "ondemand".
[  OK  ] Stopped LXD - container startup/shutdown.
[  OK  ] Stopped The PHP 7.2 FastCGI Process Manager.
[  OK  ] Stopped LSB: Record successful boot for GRUB.
[  OK  ] Stopped LSB: daemon to balance interrupts for SMP systems.
[  OK  ] Stopped LSB: MD monitoring daemon.
[  OK  ] Stopped LSB: automatic crash report generation.
[  OK  ] Removed slice User Slice of vagrant.
         Stopping Login Service...
[  OK  ] Removed slice system-serial\x2dgetty.slice.
[  OK  ] Stopped /etc/rc.local Compatibility.
[  OK  ] Removed slice system-getty.slice.
         Stopping Permit User Sessions...
[  OK  ] Stopped Login Service.
[  OK  ] Stopped Permit User Sessions.
[  OK  ] Stopped target User and Group Name Lookups.
[  OK  ] Stopped Unattended Upgrades Shutdown.
[  OK  ] Stopped vboxadd-service.service.
         Stopping vboxadd.service...
[  OK  ] Unmounted /tmp/vagrant-chef/7abe104...2668f8fa137bf5d986bf4/cookbooks.
[  OK  ] Unmounted /vagrant.
[  OK  ] Stopped vboxadd.service.
[  OK  ] Stopped LSB: Apache2 web server.
[  OK  ] Stopped target Remote File Systems.
         Unmounting /vagrant_data...
[  OK  ] Unmounted /vagrant_data.
[  OK  ] Stopped target Remote File Systems (Pre).
         Stopping NFS server and services...
         Stopping RPC bind portmap service...
         Stopping Login to default iSCSI targets...
[  OK  ] Stopped RPC bind portmap service.
[  OK  ] Stopped NFS server and services.
[  OK  ] Stopped Login to default iSCSI targets.
         Stopping iSCSI initiator daemon (iscsid)...
         Stopping NFSv4 ID-name mapping service...
         Stopping NFS status monitor for NFSv2/3 locking....
         Stopping NFS Mount Daemon...
[  OK  ] Stopped NFSv4 ID-name mapping service.
[  OK  ] Stopped iSCSI initiator daemon (iscsid).
[  OK  ] Stopped NFS status monitor for NFSv2/3 locking..
[  OK  ] Stopped target Host and Network Name Lookups.
[  OK  ] Stopped target Network is Online.
         Unmounting RPC Pipe File System...
[  OK  ] Stopped NFS Mount Daemon.
[  OK  ] Unmounted RPC Pipe File System.
[  OK  ] Stopped MySQL Community Server.
[  OK  ] Stopped target Network.
[  OK  ] Stopped target Basic System.
[  OK  ] Stopped target Sockets.
[  OK  ] Closed ACPID Listen Socket.
[  OK  ] Closed D-Bus System Message Bus Socket.
[  OK  ] Closed LXD - unix socket.
[  OK  ] Closed UUID daemon activation socket.
[  OK  ] Closed Syslog Socket.
[  OK  ] Closed Socket activation for snappy daemon.
[  OK  ] Closed RPCbind Server Activation Socket.
[  OK  ] Stopped target Slices.
[  OK  ] Removed slice User and Session Slice.
[  OK  ] Stopped target Paths.
[  OK  ] Stopped Forward Password Requests to Wall Directory Watch.
[  OK  ] Stopped Dispatch Password Requests to Console Directory Watch.
[  OK  ] Stopped ACPI Events Check.
[  OK  ] Stopped target System Initialization.
         Stopping Load/Save Random Seed...
[  OK  ] Stopped Commit a transient machine-id on disk.
[  OK  ] Stopped target Swap.
         Deactivating swap /swapfile...
[  OK  ] Stopped Initial cloud-init job (metadata service crawler).
         Stopping Raise network interfaces...
[  OK  ] Stopped target Encrypted Volumes.
         Stopping Update UTMP about System Boot/Shutdown...
[  OK  ] Stopped Load/Save Random Seed.
[  OK  ] Stopped Update UTMP about System Boot/Shutdown.
[  OK  ] Stopped Create Volatile Files and Directories.
[  OK  ] Deactivated swap /swapfile.
[  OK  ] Stopped Raise network interfaces.
[  OK  ] Stopped target Local File Systems.
         Unmounting /run/user/1000...
         Unmounting NFSD configuration filesystem...
[  OK  ] Stopped target Network (Pre).
[  OK  ] Stopped Initial cloud-init job (pre-networking).
[  OK  ] Stopped Apply Kernel Variables.
[  OK  ] Stopped Load Kernel Modules.
[  OK  ] Unmounted /run/user/1000.
[  OK  ] Unmounted NFSD configuration filesystem.
[  OK  ] Reached target Unmount All Filesystems.
[  OK  ] Stopped target Local File Systems (Pre).
[  OK  ] Stopped Remount Root and Kernel File Systems.
         Stopping Monitoring of LVM2 mirrors... dmeventd or progress polling...
[  OK  ] Stopped Create Static Device Nodes in /dev.
[  OK  ] Reached target Shutdown.
[ 7487.559603] reboot: Power down
